// Jest Snapshot v1, https://goo.gl/fbAQLP

exports[`Author (has avatar) matches the snapshot 1`] = `
<DocumentFragment>
  <div
    class="flex gap-2 items-center"
    data-id="author"
  >
    <a
      class="group"
      href="/sobre"
    >
      <div
        class="relative flex size-10 shrink-0 overflow-hidden rounded-full"
      >
        <img
          alt="Avatar de John Doe"
          class="transition-all duration-500 absolute object-cover group-hover:brightness-50"
          data-nimg="fill"
          decoding="async"
          loading="lazy"
          sizes="(max-width: 40px) 100vw"
          src="/_next/image?url=http%3A%2F%2F127.0.0.1%3A1337%2Fpath%2Fto%2Favatar.jpg&w=3840&q=75"
          srcset="/_next/image?url=http%3A%2F%2F127.0.0.1%3A1337%2Fpath%2Fto%2Favatar.jpg&w=640&q=75 640w, /_next/image?url=http%3A%2F%2F127.0.0.1%3A1337%2Fpath%2Fto%2Favatar.jpg&w=750&q=75 750w, /_next/image?url=http%3A%2F%2F127.0.0.1%3A1337%2Fpath%2Fto%2Favatar.jpg&w=828&q=75 828w, /_next/image?url=http%3A%2F%2F127.0.0.1%3A1337%2Fpath%2Fto%2Favatar.jpg&w=1080&q=75 1080w, /_next/image?url=http%3A%2F%2F127.0.0.1%3A1337%2Fpath%2Fto%2Favatar.jpg&w=1200&q=75 1200w, /_next/image?url=http%3A%2F%2F127.0.0.1%3A1337%2Fpath%2Fto%2Favatar.jpg&w=1920&q=75 1920w, /_next/image?url=http%3A%2F%2F127.0.0.1%3A1337%2Fpath%2Fto%2Favatar.jpg&w=2048&q=75 2048w, /_next/image?url=http%3A%2F%2F127.0.0.1%3A1337%2Fpath%2Fto%2Favatar.jpg&w=3840&q=75 3840w"
          style="position: absolute; height: 100%; width: 100%; left: 0px; top: 0px; right: 0px; bottom: 0px; color: transparent;"
        />
      </div>
    </a>
    <a
      href="/sobre"
    >
      <p
        class="transition-colors duration-500 hover:text-blog-foreground-readable-hover text-blog-foreground-highlight"
      >
        <strong>
          @John Doe
        </strong>
      </p>
    </a>
  </div>
</DocumentFragment>
`;

exports[`Author (has no avatar) matches the snapshot 1`] = `
<DocumentFragment>
  <div
    class="flex gap-2 items-center"
    data-id="author"
  >
    <a
      class="group"
      href="/sobre"
    >
      <div
        class="relative flex size-10 shrink-0 overflow-hidden rounded-full"
      >
        <img
          alt="Avatar de John Doe"
          class="transition-all duration-500 absolute object-cover group-hover:brightness-50"
          data-nimg="fill"
          decoding="async"
          loading="lazy"
          sizes="(max-width: 40px) 100vw"
          src="/_next/image?url=%2Fimages%2Fnot-authenticated.png&w=3840&q=75"
          srcset="/_next/image?url=%2Fimages%2Fnot-authenticated.png&w=640&q=75 640w, /_next/image?url=%2Fimages%2Fnot-authenticated.png&w=750&q=75 750w, /_next/image?url=%2Fimages%2Fnot-authenticated.png&w=828&q=75 828w, /_next/image?url=%2Fimages%2Fnot-authenticated.png&w=1080&q=75 1080w, /_next/image?url=%2Fimages%2Fnot-authenticated.png&w=1200&q=75 1200w, /_next/image?url=%2Fimages%2Fnot-authenticated.png&w=1920&q=75 1920w, /_next/image?url=%2Fimages%2Fnot-authenticated.png&w=2048&q=75 2048w, /_next/image?url=%2Fimages%2Fnot-authenticated.png&w=3840&q=75 3840w"
          style="position: absolute; height: 100%; width: 100%; left: 0px; top: 0px; right: 0px; bottom: 0px; color: transparent;"
        />
      </div>
    </a>
    <a
      href="/sobre"
    >
      <p
        class="transition-colors duration-500 hover:text-blog-foreground-readable-hover text-blog-foreground-highlight"
      >
        <strong>
          @John Doe
        </strong>
      </p>
    </a>
  </div>
</DocumentFragment>
`;
