// Jest Snapshot v1, https://goo.gl/fbAQLP

exports[`Categories Categories component matches the snapshot 1`] = `
<DocumentFragment>
  <section
    class="mb-10"
  >
    <article
      aria-label="Categoria: Ciência da Computação"
      class="max-w-screen-2xl mx-auto mb-12"
      data-testid="article-category"
      role="region"
    >
      <div
        class="flex justify-center flex-wrap gap-6 col-start-2 max-lg:col-start-1 px-4"
      >
        <div
          class="w-full grid grid-cols-[1fr_auto_1fr] max-[800px]:grid-cols-1 items-center"
        >
          <hr
            class="w-full h-[1px] bg-blog-border max-[800px]:hidden"
          />
          <div
            class="px-4"
          >
            <h2
              class="text-[2.5rem] font-extrabold text-center max-[800px]:text-[2rem]"
              id="category-title-123"
            >
              Ciência da Computação
            </h2>
          </div>
          <hr
            class="w-full h-[1px] bg-blog-border max-[800px]:hidden"
          />
        </div>
      </div>
    </article>
    <article
      aria-label="Tecnologias"
      class="max-w-screen-2xl mx-auto mb-10"
      data-testid="article-subcategories"
    >
      <ul
        aria-label="Lista das tecnologias abordadas neste artigo"
        class="max-w-[500px] mx-auto flex flex-wrap gap-6 justify-center items-center px-4"
        data-testid="article-subcategories-list"
        role="list"
      >
        <li
          class="flex items-center gap-2 h-6"
          data-testid="14"
          role="listitem"
        >
          <div
            aria-hidden="true"
          />
          <a
            aria-label="Abrir nova aba com site oficial de Next.js"
            class="transition-all duration-500 text-blog-foreground-readable hover:text-blog-foreground-readable-hover"
            data-state="closed"
            href="https://nextjs.org/"
            rel="noopener noreferrer"
            target="_blank"
          >
            Next.js
          </a>
        </li>
        <li
          class="flex items-center gap-2 h-6"
          data-testid="16"
          role="listitem"
        >
          <div
            aria-hidden="true"
          />
          <a
            aria-label="Abrir nova aba com site oficial de Nest.js"
            class="transition-all duration-500 text-blog-foreground-readable hover:text-blog-foreground-readable-hover"
            data-state="closed"
            href="https://nestjs.com/"
            rel="noopener noreferrer"
            target="_blank"
          >
            Nest.js
          </a>
        </li>
      </ul>
    </article>
    <article
      aria-label="Tags"
      class="mb-10"
      data-testid="article-tags"
    >
      <div
        class="max-w-screen-lg mx-auto"
      >
        <ul
          aria-label="Lista de tags"
          class="flex justify-center flex-wrap gap-6 blog-heading col-start-2 max-lg:col-start-1 px-40 max-[800px]:px-4"
          data-testid="article-tags-list"
          role="list"
        >
          <li
            aria-labelledby="Tag-1"
            class="flex items-center gap-2 h-6"
            data-testid="8"
            role="listitem"
          >
            <span
              class="text-[#808080] italic"
            >
              Programação
            </span>
          </li>
          <li
            aria-labelledby="Tag-2"
            class="flex items-center gap-2 h-6"
            data-testid="11"
            role="listitem"
          >
            <span
              class="text-[#808080] italic"
            >
              linguagem de Programação
            </span>
          </li>
          <li
            aria-labelledby="Tag-3"
            class="flex items-center gap-2 h-6"
            data-testid="19"
            role="listitem"
          >
            <span
              class="text-[#808080] italic"
            >
              Banco de Dados
            </span>
          </li>
          <li
            aria-labelledby="Tag-4"
            class="flex items-center gap-2 h-6"
            data-testid="33"
            role="listitem"
          >
            <span
              class="text-[#808080] italic"
            >
              Diagrama UML
            </span>
          </li>
          <li
            aria-labelledby="Tag-5"
            class="flex items-center gap-2 h-6"
            data-testid="35"
            role="listitem"
          >
            <span
              class="text-[#808080] italic"
            >
              Programação
            </span>
          </li>
        </ul>
      </div>
    </article>
  </section>
</DocumentFragment>
`;
